2026-10-01 06:20:06.480: [INFO] CurrentProfilePath: C:\Users\5857\Downloads\planbconsultant\artifacts\hero-redesign\edge-modal\Default
2026-10-01 06:20:06.480: [INFO] Profiles total count: 1
2026-10-01 06:20:06.480: [INFO] Profile: name=Profile 1 path=C:\Users\5857\Downloads\planbconsultant\artifacts\hero-redesign\edge-modal\Default lastActive=null
2026-10-01 06:20:06.480: [INFO] LastUsedProfileDir: C:\Users\5857\Downloads\planbconsultant\artifacts\hero-redesign\edge-modal\Default
2026-10-01 06:20:06.480: [INFO] VisibilityChanged: 0
2026-10-01 06:20:06.509: [INFO] RecordSyncInitDuration has_sync_been_enabled: 0 state: 0
2026-10-01 06:20:06.512: [INFO] RecordSyncInitDuration has_sync_been_enabled: 0 state: 0
2026-10-01 06:20:06.514: [INFO] RecordSyncInitDuration has_sync_been_enabled: 0 state: 0
2026-10-01 06:20:06.516: [INFO] RecordSyncInitDuration has_sync_been_enabled: 0 state: 0
2026-10-01 06:20:06.519: [INFO] RecordSyncInitDuration has_sync_been_enabled: 0 state: 0
2026-10-01 06:20:06.521: [INFO] RecordSyncInitDuration has_sync_been_enabled: 0 state: 0
2026-10-01 06:20:06.524: [INFO] RecordSyncInitDuration has_sync_been_enabled: 0 state: 0
2026-10-01 06:20:06.527: [INFO] RecordSyncInitDuration has_sync_been_enabled: 0 state: 0
2026-10-01 06:20:06.529: [INFO] RecordSyncInitDuration has_sync_been_enabled: 0 state: 0
2026-10-01 06:20:06.532: [INFO] RecordSyncInitDuration has_sync_been_enabled: 0 state: 0
2026-10-01 06:20:06.555: [INFO] OnDoneLoading sync enabled: 0
2026-10-01 06:20:06.555: [INFO] BookmarkModelLoaded, ids_reassigned: 0
2026-10-01 06:20:06.555: [INFO] BookmarksLoadDropped droppedNodes=0
2026-10-01 06:20:06.555: [INFO] BookmarksSnapshot Startup total=0 bar=0 other=0 mobile=0 showBar=0 showBarNTP=1
2026-10-01 06:20:06.644: [INFO] RecordSyncInitDuration has_sync_been_enabled: 0 state: 0
