2026-10-01 05:57:16.660: [INFO] CurrentProfilePath: C:\Users\5857\Downloads\planbconsultant\artifacts\visual-qa\edge-debug2\Default
2026-10-01 05:57:16.660: [INFO] Profiles total count: 1
2026-10-01 05:57:16.660: [INFO] Profile: name=Profile 1 path=C:\Users\5857\Downloads\planbconsultant\artifacts\visual-qa\edge-debug2\Default lastActive=null
2026-10-01 05:57:16.660: [INFO] LastUsedProfileDir: C:\Users\5857\Downloads\planbconsultant\artifacts\visual-qa\edge-debug2\Default
2026-10-01 05:57:16.660: [INFO] VisibilityChanged: 0
2026-10-01 05:57:16.672: [INFO] RecordSyncInitDuration has_sync_been_enabled: 0 state: 0
2026-10-01 05:57:16.673: [INFO] RecordSyncInitDuration has_sync_been_enabled: 0 state: 0
2026-10-01 05:57:16.674: [INFO] RecordSyncInitDuration has_sync_been_enabled: 0 state: 0
2026-10-01 05:57:16.675: [INFO] RecordSyncInitDuration has_sync_been_enabled: 0 state: 0
2026-10-01 05:57:16.676: [INFO] RecordSyncInitDuration has_sync_been_enabled: 0 state: 0
2026-10-01 05:57:16.676: [INFO] RecordSyncInitDuration has_sync_been_enabled: 0 state: 0
2026-10-01 05:57:16.677: [INFO] RecordSyncInitDuration has_sync_been_enabled: 0 state: 0
2026-10-01 05:57:16.678: [INFO] RecordSyncInitDuration has_sync_been_enabled: 0 state: 0
2026-10-01 05:57:16.679: [INFO] RecordSyncInitDuration has_sync_been_enabled: 0 state: 0
2026-10-01 05:57:16.680: [INFO] RecordSyncInitDuration has_sync_been_enabled: 0 state: 0
2026-10-01 05:57:16.700: [INFO] OnDoneLoading sync enabled: 0
2026-10-01 05:57:16.700: [INFO] BookmarkModelLoaded, ids_reassigned: 0
2026-10-01 05:57:16.700: [INFO] BookmarksLoadDropped droppedNodes=0
2026-10-01 05:57:16.700: [INFO] BookmarksSnapshot Startup total=0 bar=0 other=0 mobile=0 showBar=0 showBarNTP=1
2026-10-01 05:57:16.787: [INFO] RecordSyncInitDuration has_sync_been_enabled: 0 state: 0
