2026-10-01 06:20:54.887: [INFO] CurrentProfilePath: C:\Users\5857\Downloads\planbconsultant\artifacts\hero-redesign\edge-modal2\Default
2026-10-01 06:20:54.887: [INFO] Profiles total count: 1
2026-10-01 06:20:54.887: [INFO] Profile: name=Profile 1 path=C:\Users\5857\Downloads\planbconsultant\artifacts\hero-redesign\edge-modal2\Default lastActive=null
2026-10-01 06:20:54.887: [INFO] LastUsedProfileDir: C:\Users\5857\Downloads\planbconsultant\artifacts\hero-redesign\edge-modal2\Default
2026-10-01 06:20:54.887: [INFO] VisibilityChanged: 0
2026-10-01 06:20:54.919: [INFO] RecordSyncInitDuration has_sync_been_enabled: 0 state: 0
2026-10-01 06:20:54.922: [INFO] RecordSyncInitDuration has_sync_been_enabled: 0 state: 0
2026-10-01 06:20:54.927: [INFO] RecordSyncInitDuration has_sync_been_enabled: 0 state: 0
2026-10-01 06:20:54.930: [INFO] RecordSyncInitDuration has_sync_been_enabled: 0 state: 0
2026-10-01 06:20:54.932: [INFO] RecordSyncInitDuration has_sync_been_enabled: 0 state: 0
2026-10-01 06:20:54.935: [INFO] RecordSyncInitDuration has_sync_been_enabled: 0 state: 0
2026-10-01 06:20:54.938: [INFO] RecordSyncInitDuration has_sync_been_enabled: 0 state: 0
2026-10-01 06:20:54.943: [INFO] RecordSyncInitDuration has_sync_been_enabled: 0 state: 0
2026-10-01 06:20:54.945: [INFO] RecordSyncInitDuration has_sync_been_enabled: 0 state: 0
2026-10-01 06:20:54.948: [INFO] RecordSyncInitDuration has_sync_been_enabled: 0 state: 0
2026-10-01 06:20:54.975: [INFO] OnDoneLoading sync enabled: 0
2026-10-01 06:20:54.975: [INFO] BookmarkModelLoaded, ids_reassigned: 0
2026-10-01 06:20:54.975: [INFO] BookmarksLoadDropped droppedNodes=0
2026-10-01 06:20:54.975: [INFO] BookmarksSnapshot Startup total=0 bar=0 other=0 mobile=0 showBar=0 showBarNTP=1
2026-10-01 06:20:55.125: [INFO] RecordSyncInitDuration has_sync_been_enabled: 0 state: 0
