2026-10-01 06:23:59.193: [INFO] CurrentProfilePath: C:\Users\5857\Downloads\planbconsultant\artifacts\hero-redesign\edge-responsive\Default
2026-10-01 06:23:59.193: [INFO] Profiles total count: 1
2026-10-01 06:23:59.193: [INFO] Profile: name=Profile 1 path=C:\Users\5857\Downloads\planbconsultant\artifacts\hero-redesign\edge-responsive\Default lastActive=null
2026-10-01 06:23:59.193: [INFO] LastUsedProfileDir: C:\Users\5857\Downloads\planbconsultant\artifacts\hero-redesign\edge-responsive\Default
2026-10-01 06:23:59.193: [INFO] VisibilityChanged: 0
2026-10-01 06:23:59.208: [INFO] RecordSyncInitDuration has_sync_been_enabled: 0 state: 0
2026-10-01 06:23:59.208: [INFO] RecordSyncInitDuration has_sync_been_enabled: 0 state: 0
2026-10-01 06:23:59.209: [INFO] RecordSyncInitDuration has_sync_been_enabled: 0 state: 0
2026-10-01 06:23:59.210: [INFO] RecordSyncInitDuration has_sync_been_enabled: 0 state: 0
2026-10-01 06:23:59.210: [INFO] RecordSyncInitDuration has_sync_been_enabled: 0 state: 0
2026-10-01 06:23:59.211: [INFO] RecordSyncInitDuration has_sync_been_enabled: 0 state: 0
2026-10-01 06:23:59.211: [INFO] RecordSyncInitDuration has_sync_been_enabled: 0 state: 0
2026-10-01 06:23:59.212: [INFO] RecordSyncInitDuration has_sync_been_enabled: 0 state: 0
2026-10-01 06:23:59.212: [INFO] RecordSyncInitDuration has_sync_been_enabled: 0 state: 0
2026-10-01 06:23:59.213: [INFO] RecordSyncInitDuration has_sync_been_enabled: 0 state: 0
2026-10-01 06:23:59.240: [INFO] OnDoneLoading sync enabled: 0
2026-10-01 06:23:59.240: [INFO] BookmarkModelLoaded, ids_reassigned: 0
2026-10-01 06:23:59.240: [INFO] BookmarksLoadDropped droppedNodes=0
2026-10-01 06:23:59.240: [INFO] BookmarksSnapshot Startup total=0 bar=0 other=0 mobile=0 showBar=0 showBarNTP=1
2026-10-01 06:23:59.310: [INFO] RecordSyncInitDuration has_sync_been_enabled: 0 state: 0
